{"packages": {"faster-whisper": "1.2.1", "ctranslate2": "4.8.2", "silero-vad": "6.2.1", "torch": "2.11.0+cpu", "torchaudio": "2.11.0+cpu"}, "ridge_sha256": "7cdeb2a04aa0db770d52d6ff20b49cc371b9cb690f0ace89e5233b5d65bb521a", "qc_config": "demo-qc-v1", "rights": "user confirmed c\u00f3 quy\u1ec1n; local only", "wer": "NOT_MEASURED", "cefr_accuracy": "NOT_MEASURED"}
{"sample": "p3_b2.wav", "stage": "started", "bytes": 1316718, "sha256": "5bb09620a28f6935902f1cab9180ce81960a2109b823897313bdc859a936609f"}
{"sample": "p3_b2.wav", "qc_status": "PASS", "qc_reasons": [], "asr_seconds": 18.483, "duration_s": 41.145, "asr_status": "OK", "asr_reasons": [], "asr_model": "whisper-small", "test_only": false, "word_count": 137, "text_char_count": 695, "feature_seconds": 1.602, "features": 18, "missing_features": [], "vad_name": "silero", "vad_version": "6.2.1", "assessment_status": "ESTIMATED", "assessment_reasons": [], "overall_is_null": false}
{"sample": "p4_exam_preparation.mp3", "stage": "started", "bytes": 325872, "sha256": "fc786f387eebcd5a0121028f0a23f17be2fcc01289f252da8a1d617aca600314"}
[src/libmpg123/layer3.c:INT123_do_layer3():1774] error: part2_3_length (1088) too large for available bit count (1048)
[src/libmpg123/layer3.c:INT123_do_layer3():1774] error: part2_3_length (1632) too large for available bit count (1048)
[src/libmpg123/layer3.c:INT123_do_layer3():1774] error: part2_3_length (1632) too large for available bit count (1048)
[src/libmpg123/layer3.c:INT123_do_layer3():1774] error: part2_3_length (1696) too large for available bit count (1048)
[src/libmpg123/layer3.c:INT123_do_layer3():1774] error: part2_3_length (1600) too large for available bit count (1048)
[src/libmpg123/layer3.c:INT123_do_layer3():1774] error: part2_3_length (1600) too large for available bit count (1048)
[src/libmpg123/layer3.c:INT123_do_layer3():1774] error: part2_3_length (1632) too large for available bit count (1048)
[src/libmpg123/layer3.c:INT123_do_layer3():1774] error: part2_3_length (1152) too large for available bit count (1048)
[src/libmpg123/layer3.c:INT123_do_layer3():1774] error: part2_3_length (1920) too large for available bit count (1048)
[src/libmpg123/layer3.c:INT123_do_layer3():1774] error: part2_3_length (1056) too large for available bit count (1048)
[src/libmpg123/layer3.c:INT123_do_layer3():1774] error: part2_3_length (1632) too large for available bit count (1048)
[src/libmpg123/layer3.c:INT123_do_layer3():1774] error: part2_3_length (1056) too large for available bit count (1048)
[src/libmpg123/layer3.c:INT123_do_layer3():1774] error: part2_3_length (1440) too large for available bit count (1048)
[src/libmpg123/layer3.c:INT123_do_layer3():1774] error: part2_3_length (1152) too large for available bit count (1048)
[src/libmpg123/layer3.c:INT123_do_layer3():1774] error: part2_3_length (1184) too large for available bit count (1048)
[src/libmpg123/layer3.c:INT123_do_layer3():1774] error: part2_3_length (1056) too large for available bit count (1048)
[src/libmpg123/layer3.c:INT123_do_layer3():1774] error: part2_3_length (1088) too large for available bit count (1048)
[src/libmpg123/layer3.c:INT123_do_layer3():1774] error: part2_3_length (1312) too large for available bit count (1048)
[src/libmpg123/layer3.c:INT123_do_layer3():1774] error: part2_3_length (1088) too large for available bit count (1048)
[src/libmpg123/layer3.c:INT123_do_layer3():1774] error: part2_3_length (1664) too large for available bit count (1048)
[src/libmpg123/layer3.c:INT123_do_layer3():1774] error: part2_3_length (1696) too large for available bit count (1048)
[src/libmpg123/layer3.c:INT123_do_layer3():1774] error: part2_3_length (1088) too large for available bit count (1048)
[src/libmpg123/layer3.c:INT123_do_layer3():1774] error: part2_3_length (1088) too large for available bit count (1048)
[src/libmpg123/layer3.c:INT123_do_layer3():1774] error: part2_3_length (1152) too large for available bit count (1048)
[src/libmpg123/layer3.c:INT123_do_layer3():1774] error: part2_3_length (1088) too large for available bit count (1048)
[src/libmpg123/layer3.c:INT123_do_layer3():1774] error: part2_3_length (1408) too large for available bit count (1048)
[src/libmpg123/layer3.c:INT123_do_layer3():1774] error: part2_3_length (1696) too large for available bit count (1048)
[src/libmpg123/layer3.c:INT123_do_layer3():1774] error: part2_3_length (1280) too large for available bit count (1048)
[src/libmpg123/layer3.c:INT123_do_layer3():1774] error: part2_3_length (1312) too large for available bit count (1048)
[src/libmpg123/layer3.c:INT123_do_layer3():1774] error: part2_3_length (1120) too large for available bit count (1048)
[src/libmpg123/layer3.c:INT123_do_layer3():1774] error: part2_3_length (1152) too large for available bit count (1048)
[src/libmpg123/layer3.c:INT123_do_layer3():1774] error: part2_3_length (1696) too large for available bit count (1048)
[src/libmpg123/layer3.c:INT123_do_layer3():1774] error: part2_3_length (1152) too large for available bit count (1048)
[src/libmpg123/layer3.c:INT123_do_layer3():1774] error: part2_3_length (1056) too large for available bit count (1048)
[src/libmpg123/layer3.c:INT123_do_layer3():1774] error: part2_3_length (1056) too large for available bit count (1048)
[src/libmpg123/layer3.c:INT123_do_layer3():1774] error: part2_3_length (1056) too large for available bit count (1048)
{"sample": "p4_exam_preparation.mp3", "qc_status": "PASS", "qc_reasons": [], "asr_seconds": 21.632, "duration_s": 54.312, "asr_status": "OK", "asr_reasons": [], "asr_model": "whisper-small", "test_only": false, "word_count": 140, "text_char_count": 793, "feature_seconds": 0.591, "features": 18, "missing_features": [], "vad_name": "silero", "vad_version": "6.2.1", "assessment_status": "ESTIMATED", "assessment_reasons": [], "overall_is_null": false}
LOCAL_ADAPTER_SMOKE_PASS
